Using pre-set license
Built from '2021.3/release' branch; Version is '2021.3.17f1 (3e8111cac19d) revision 4096273'; Using compiler version '192829333'; Build Type 'Release'
OS: 'Windows 11  (10.0.26100) 64bit Enterprise' Language: 'en' Physical Memory: 32442 MB
BatchMode: 1, IsHumanControllingUs: 0, StartBugReporterOnCrash: 0, Is64bit: 1, IsPro: 1

COMMAND LINE ARGUMENTS:
C:\Program Files\Unity\Hub\Editor\2021.3.17f1\Editor\Unity.exe
-adb2
-batchMode
-noUpm
-name
AssetImportWorker8
-projectPath
C:/Users/jillian.chapin/Desktop/gameSem2025/CowGameMGKJ
-logFile
Logs/AssetImportWorker8.log
-srvPort
55504
Successfully changed project path to: C:/Users/jillian.chapin/Desktop/gameSem2025/CowGameMGKJ
C:/Users/jillian.chapin/Desktop/gameSem2025/CowGameMGKJ
[UnityMemory] Configuration Parameters - Can be set up in boot.config
    "memorysetup-bucket-allocator-granularity=16"
    "memorysetup-bucket-allocator-bucket-count=8"
    "memorysetup-bucket-allocator-block-size=33554432"
    "memorysetup-bucket-allocator-block-count=8"
    "memorysetup-main-allocator-block-size=16777216"
    "memorysetup-thread-allocator-block-size=16777216"
    "memorysetup-gfx-main-allocator-block-size=16777216"
    "memorysetup-gfx-thread-allocator-block-size=16777216"
    "memorysetup-cache-allocator-block-size=4194304"
    "memorysetup-typetree-allocator-block-size=2097152"
    "memorysetup-profiler-bucket-allocator-granularity=16"
    "memorysetup-profiler-bucket-allocator-bucket-count=8"
    "memorysetup-profiler-bucket-allocator-block-size=33554432"
    "memorysetup-profiler-bucket-allocator-block-count=8"
    "memorysetup-profiler-allocator-block-size=16777216"
    "memorysetup-profiler-editor-allocator-block-size=1048576"
    "memorysetup-temp-allocator-size-main=16777216"
    "memorysetup-job-temp-allocator-block-size=2097152"
    "memorysetup-job-temp-allocator-block-size-background=1048576"
    "memorysetup-job-temp-allocator-reduction-small-platforms=262144"
    "memorysetup-temp-allocator-size-background-worker=32768"
    "memorysetup-temp-allocator-size-job-worker=262144"
    "memorysetup-temp-allocator-size-preload-manager=33554432"
    "memorysetup-temp-allocator-size-nav-mesh-worker=65536"
    "memorysetup-temp-allocator-size-audio-worker=65536"
    "memorysetup-temp-allocator-size-cloud-worker=32768"
    "memorysetup-temp-allocator-size-gi-baking-worker=262144"
    "memorysetup-temp-allocator-size-gfx=262144"
Player connection [23724] Host "[IP] 216.93.147.68 [Port] 0 [Flags] 2 [Guid] 3362480163 [EditorId] 3362480163 [Version] 1048832 [Id] WindowsEditor(7,CCM233-05) [Debug] 1 [PackageName] WindowsEditor [ProjectName] Editor" joined multi-casting on [225.0.0.222:54997]...

Player connection [23724] Host "[IP] 216.93.147.68 [Port] 0 [Flags] 2 [Guid] 3362480163 [EditorId] 3362480163 [Version] 1048832 [Id] WindowsEditor(7,CCM233-05) [Debug] 1 [PackageName] WindowsEditor [ProjectName] Editor" joined alternative multi-casting on [225.0.0.222:34997]...

Refreshing native plugins compatible for Editor in 93.65 ms, found 4 plugins.
Preloading 0 native plugins for Editor in 0.00 ms.
Initialize engine version: 2021.3.17f1 (3e8111cac19d)
[Subsystems] Discovering subsystems at path C:/Program Files/Unity/Hub/Editor/2021.3.17f1/Editor/Data/Resources/UnitySubsystems
[Subsystems] Discovering subsystems at path C:/Users/jillian.chapin/Desktop/gameSem2025/CowGameMGKJ/Assets
GfxDevice: creating device client; threaded=0; jobified=0
Direct3D:
    Version:  Direct3D 11.0 [level 11.1]
    Renderer: NVIDIA GeForce RTX 3070 Ti (ID=0x2482)
    Vendor:   NVIDIA
    VRAM:     8018 MB
    Driver:   32.0.15.7296
Initialize mono
Mono path[0] = 'C:/Program Files/Unity/Hub/Editor/2021.3.17f1/Editor/Data/Managed'
Mono path[1] = 'C:/Program Files/Unity/Hub/Editor/2021.3.17f1/Editor/Data/MonoBleedingEdge/lib/mono/unityjit-win32'
Mono config path = 'C:/Program Files/Unity/Hub/Editor/2021.3.17f1/Editor/Data/MonoBleedingEdge/etc'
Using monoOptions --debugger-agent=transport=dt_socket,embedding=1,server=y,suspend=n,address=127.0.0.1:56076
Begin MonoManager ReloadAssembly
Registering precompiled unity dll's ...
Register platform support module: C:/Program Files/Unity/Hub/Editor/2021.3.17f1/Editor/Data/PlaybackEngines/WindowsStandaloneSupport/UnityEditor.WindowsStandalone.Extensions.dll
Registered in 0.002827 seconds.
Native extension for WindowsStandalone target not found
Refreshing native plugins compatible for Editor in 79.26 ms, found 4 plugins.
Preloading 0 native plugins for Editor in 0.00 ms.
Mono: successfully reloaded assembly
- Completed reload, in  0.421 seconds
Domain Reload Profiling:
	ReloadAssembly (421ms)
		BeginReloadAssembly (48ms)
			ExecutionOrderSort (0ms)
			DisableScriptedObjects (0ms)
			BackupInstance (0ms)
			ReleaseScriptingObjects (0ms)
			CreateAndSetChildDomain (0ms)
		EndReloadAssembly (308ms)
			LoadAssemblies (46ms)
			RebuildTransferFunctionScriptingTraits (0ms)
			SetupTypeCache (59ms)
			ReleaseScriptCaches (0ms)
			RebuildScriptCaches (16ms)
			SetupLoadedEditorAssemblies (200ms)
				LogAssemblyErrors (0ms)
				InitializePlatformSupportModulesInManaged (5ms)
				SetLoadedEditorAssemblies (0ms)
				RefreshPlugins (79ms)
				BeforeProcessingInitializeOnLoad (1ms)
				ProcessInitializeOnLoadAttributes (87ms)
				ProcessInitializeOnLoadMethodAttributes (28ms)
				AfterProcessingInitializeOnLoad (0ms)
				EditorAssembliesLoaded (0ms)
			ExecutionOrderSort2 (0ms)
			AwakeInstancesAfterBackupRestoration (0ms)
Platform modules already initialized, skipping
Registering precompiled user dll's ...
Registered in 0.005614 seconds.
Begin MonoManager ReloadAssembly
Symbol file LoadedFromMemory doesn't match image C:\Users\jillian.chapin\Desktop\gameSem2025\CowGameMGKJ\Library\PackageCache\com.unity.visualscripting@1.8.0\Editor\VisualScripting.Core\Dependencies\DotNetZip\Unity.VisualScripting.IonicZip.dll
Symbol file LoadedFromMemory doesn't match image C:\Users\jillian.chapin\Desktop\gameSem2025\CowGameMGKJ\Library\PackageCache\com.unity.visualscripting@1.8.0\Editor\VisualScripting.Core\Dependencies\YamlDotNet\Unity.VisualScripting.YamlDotNet.dll
Native extension for WindowsStandalone target not found
Refreshing native plugins compatible for Editor in 80.56 ms, found 4 plugins.
Preloading 0 native plugins for Editor in 0.00 ms.
Mono: successfully reloaded assembly
- Completed reload, in  0.882 seconds
Domain Reload Profiling:
	ReloadAssembly (883ms)
		BeginReloadAssembly (70ms)
			ExecutionOrderSort (0ms)
			DisableScriptedObjects (3ms)
			BackupInstance (0ms)
			ReleaseScriptingObjects (0ms)
			CreateAndSetChildDomain (12ms)
		EndReloadAssembly (745ms)
			LoadAssemblies (69ms)
			RebuildTransferFunctionScriptingTraits (0ms)
			SetupTypeCache (168ms)
			ReleaseScriptCaches (1ms)
			RebuildScriptCaches (41ms)
			SetupLoadedEditorAssemblies (440ms)
				LogAssemblyErrors (0ms)
				InitializePlatformSupportModulesInManaged (3ms)
				SetLoadedEditorAssemblies (0ms)
				RefreshPlugins (81ms)
				BeforeProcessingInitializeOnLoad (80ms)
				ProcessInitializeOnLoadAttributes (169ms)
				ProcessInitializeOnLoadMethodAttributes (103ms)
				AfterProcessingInitializeOnLoad (4ms)
				EditorAssembliesLoaded (0ms)
			ExecutionOrderSort2 (0ms)
			AwakeInstancesAfterBackupRestoration (4ms)
Platform modules already initialized, skipping
========================================================================
Worker process is ready to serve import requests
Launched and connected shader compiler UnityShaderCompiler.exe after 0.03 seconds
Refreshing native plugins compatible for Editor in 1.34 ms, found 4 plugins.
Preloading 0 native plugins for Editor in 0.00 ms.
Unloading 6262 Unused Serialized files (Serialized files now loaded: 0)
Unloading 82 unused Assets / (0.7 MB). Loaded Objects now: 6683.
Memory consumption went from 235.5 MB to 234.8 MB.
Total: 9.070400 ms (FindLiveObjects: 0.592800 ms CreateObjectMapping: 0.550000 ms MarkObjects: 7.549700 ms  DeleteObjects: 0.376400 ms)

AssetImportParameters requested are different than current active one (requested -> active):
  custom:video-decoder-ogg-theora: a1e56fd34408186e4bbccfd4996cb3dc -> 
  custom:container-muxer-webm: aa71ff27fc2769a1b78a27578f13a17b -> 
  custom:container-demuxer-webm: 4f35f7cbe854078d1ac9338744f61a02 -> 
  custom:video-encoder-webm-vp8: eb34c28f22e8b96e1ab97ce403110664 -> 
  custom:video-codec-MediaFoundation-h265: 746d11721c4dcdbdad8f713fa42b33f4 -> 
  custom:audio-encoder-webm-vorbis: bf7c407c2cedff20999df2af8eb42d56 -> 
  custom:framework-win-MediaFoundation: 216162199b28c13a410421893ffa2e32 -> 
  custom:container-demuxer-ogg: 62fdf1f143b41e24485cea50d1cbac27 -> 
  custom:video-decoder-webm-vp8: 9c59270c3fd7afecdb556c50c9e8de78 -> 
  custom:audio-decoder-ogg-vorbis: bf7c407c2cedff20999df2af8eb42d56 -> 
========================================================================
Received Import Request.
  Time since last request: 845087.632561 seconds.
  path: Assets/Scripts/SOs/ShopItems/PatternItems/Blank/BlankData.asset
  artifactKey: Guid(2691c21f4355c4e499ed5f81be4abc28) Importer(815301076,1909f56bfc062723c751e8b465ee728b)
Start importing Assets/Scripts/SOs/ShopItems/PatternItems/Blank/BlankData.asset using Guid(2691c21f4355c4e499ed5f81be4abc28) Importer(815301076,1909f56bfc062723c751e8b465ee728b)  -> (artifact id: 'd95096c25f21221b3d16826bd55fb51e') in 0.026538 seconds 
========================================================================
Received Import Request.
  Time since last request: 5.811080 seconds.
  path: Assets/Scripts/SOs/ShopItems/PatternItems/Spots/BodyZebra.asset
  artifactKey: Guid(afa487ca15bce5d4a85f56e71c6538a4) Importer(815301076,1909f56bfc062723c751e8b465ee728b)
Start importing Assets/Scripts/SOs/ShopItems/PatternItems/Spots/BodyZebra.asset using Guid(afa487ca15bce5d4a85f56e71c6538a4) Importer(815301076,1909f56bfc062723c751e8b465ee728b)  -> (artifact id: 'cac589d2fd1b322a3fd8787ff1c41b9d') in 0.003461 seconds 
========================================================================
Received Import Request.
  Time since last request: 0.002799 seconds.
  path: Assets/Scripts/SOs/ShopItems/PatternItems/Spots/LegFRZebra.asset
  artifactKey: Guid(41d13c02dac94a44b9de71efdb14d452) Importer(815301076,1909f56bfc062723c751e8b465ee728b)
Start importing Assets/Scripts/SOs/ShopItems/PatternItems/Spots/LegFRZebra.asset using Guid(41d13c02dac94a44b9de71efdb14d452) Importer(815301076,1909f56bfc062723c751e8b465ee728b)  -> (artifact id: '67538ddfc3e8beb2862e3aff687ced40') in 0.004076 seconds 
========================================================================
Received Import Request.
  Time since last request: 0.000022 seconds.
  path: Assets/Scripts/SOs/ShopItems/PatternItems/Spots/LegBLZebra.asset
  artifactKey: Guid(7dc4e9752ac49c041a3313cdfe256d9b) Importer(815301076,1909f56bfc062723c751e8b465ee728b)
Start importing Assets/Scripts/SOs/ShopItems/PatternItems/Spots/LegBLZebra.asset using Guid(7dc4e9752ac49c041a3313cdfe256d9b) Importer(815301076,1909f56bfc062723c751e8b465ee728b)  -> (artifact id: 'e333c770d345d88a6a9b86f4ecd73675') in 0.002585 seconds 
========================================================================
Received Import Request.
  Time since last request: 5.728351 seconds.
  path: Assets/Scripts/SOs/ShopItems/PatternItems/Spots/SpotData.asset
  artifactKey: Guid(81735af6a27d7bb45920e792f7228885) Importer(815301076,1909f56bfc062723c751e8b465ee728b)
Start importing Assets/Scripts/SOs/ShopItems/PatternItems/Spots/SpotData.asset using Guid(81735af6a27d7bb45920e792f7228885) Importer(815301076,1909f56bfc062723c751e8b465ee728b)  -> (artifact id: '9c5643fef51b9259f8e6df65f3c3fd1f') in 0.002635 seconds 
========================================================================
Received Import Request.
  Time since last request: 5.654455 seconds.
  path: Assets/Scripts/SOs/ShopItems/PatternItems/Spots/SnoutSpot.asset
  artifactKey: Guid(af63ad81ba1d5484f88d9dbe77689fef) Importer(815301076,1909f56bfc062723c751e8b465ee728b)
Start importing Assets/Scripts/SOs/ShopItems/PatternItems/Spots/SnoutSpot.asset using Guid(af63ad81ba1d5484f88d9dbe77689fef) Importer(815301076,1909f56bfc062723c751e8b465ee728b)  -> (artifact id: '55645e724dc06516972221b6ebd053ca') in 0.003107 seconds 
========================================================================
Received Import Request.
  Time since last request: 5.871032 seconds.
  path: Assets/Scripts/SOs/ShopItems/PatternItems/Spots/LegFRSpot.asset
  artifactKey: Guid(41d13c02dac94a44b9de71efdb14d452) Importer(815301076,1909f56bfc062723c751e8b465ee728b)
Start importing Assets/Scripts/SOs/ShopItems/PatternItems/Spots/LegFRSpot.asset using Guid(41d13c02dac94a44b9de71efdb14d452) Importer(815301076,1909f56bfc062723c751e8b465ee728b)  -> (artifact id: '146fe5083fb92d91958d00c2d38dbac3') in 0.002577 seconds 
========================================================================
Received Import Request.
  Time since last request: 5.655992 seconds.
  path: Assets/Scripts/SOs/ShopItems/PatternItems/Spots/LegFLSpot.asset
  artifactKey: Guid(432c7a40edb1b7d459fad4a9eb824136) Importer(815301076,1909f56bfc062723c751e8b465ee728b)
Start importing Assets/Scripts/SOs/ShopItems/PatternItems/Spots/LegFLSpot.asset using Guid(432c7a40edb1b7d459fad4a9eb824136) Importer(815301076,1909f56bfc062723c751e8b465ee728b)  -> (artifact id: 'd690a1102b84b8c31eee240892cb476e') in 0.002513 seconds 
========================================================================
Received Import Request.
  Time since last request: 5.085852 seconds.
  path: Assets/Scripts/SOs/ShopItems/PatternItems/Spots/LegBLSpot.asset
  artifactKey: Guid(7dc4e9752ac49c041a3313cdfe256d9b) Importer(815301076,1909f56bfc062723c751e8b465ee728b)
Start importing Assets/Scripts/SOs/ShopItems/PatternItems/Spots/LegBLSpot.asset using Guid(7dc4e9752ac49c041a3313cdfe256d9b) Importer(815301076,1909f56bfc062723c751e8b465ee728b)  -> (artifact id: '3ac63ca65327eaa98575c9be4334e05b') in 0.002786 seconds 
========================================================================
Received Import Request.
  Time since last request: 6.473553 seconds.
  path: Assets/Scripts/SOs/ShopItems/PatternItems/Spots/HeadSpot.asset
  artifactKey: Guid(54aab28e221bf454dbffd474e7561198) Importer(815301076,1909f56bfc062723c751e8b465ee728b)
Start importing Assets/Scripts/SOs/ShopItems/PatternItems/Spots/HeadSpot.asset using Guid(54aab28e221bf454dbffd474e7561198) Importer(815301076,1909f56bfc062723c751e8b465ee728b)  -> (artifact id: '3ba09a43cc85a83eaa92036e3d5004ea') in 0.002378 seconds 
========================================================================
Received Import Request.
  Time since last request: 5.190925 seconds.
  path: Assets/Scripts/SOs/ShopItems/PatternItems/Spots/EarRSpot.asset
  artifactKey: Guid(08c68bd99de9d7246b75f38d1c274777) Importer(815301076,1909f56bfc062723c751e8b465ee728b)
Start importing Assets/Scripts/SOs/ShopItems/PatternItems/Spots/EarRSpot.asset using Guid(08c68bd99de9d7246b75f38d1c274777) Importer(815301076,1909f56bfc062723c751e8b465ee728b)  -> (artifact id: '480c6ceeb57a7e8a3c8ca2eaa1277dec') in 0.002678 seconds 
========================================================================
Received Import Request.
  Time since last request: 5.481507 seconds.
  path: Assets/Scripts/SOs/ShopItems/PatternItems/Spots/EarLSpot.asset
  artifactKey: Guid(6171a4af4f377e54297ca1df9d953a60) Importer(815301076,1909f56bfc062723c751e8b465ee728b)
Start importing Assets/Scripts/SOs/ShopItems/PatternItems/Spots/EarLSpot.asset using Guid(6171a4af4f377e54297ca1df9d953a60) Importer(815301076,1909f56bfc062723c751e8b465ee728b)  -> (artifact id: '79b128da721f56f26cc407ec968c0478') in 0.002631 seconds 
========================================================================
Received Import Request.
  Time since last request: 5.336512 seconds.
  path: Assets/Scripts/SOs/ShopItems/PatternItems/Spots/CowTailSpot.asset
  artifactKey: Guid(9bef49ab71b4e2d43b34d88dd52c6501) Importer(815301076,1909f56bfc062723c751e8b465ee728b)
Start importing Assets/Scripts/SOs/ShopItems/PatternItems/Spots/CowTailSpot.asset using Guid(9bef49ab71b4e2d43b34d88dd52c6501) Importer(815301076,1909f56bfc062723c751e8b465ee728b)  -> (artifact id: '72b733288f6b7a172cf5501adab0a609') in 0.003054 seconds 
========================================================================
Received Import Request.
  Time since last request: 5.916057 seconds.
  path: Assets/Scripts/SOs/ShopItems/PatternItems/Spots/BodySpot.asset
  artifactKey: Guid(afa487ca15bce5d4a85f56e71c6538a4) Importer(815301076,1909f56bfc062723c751e8b465ee728b)
Start importing Assets/Scripts/SOs/ShopItems/PatternItems/Spots/BodySpot.asset using Guid(afa487ca15bce5d4a85f56e71c6538a4) Importer(815301076,1909f56bfc062723c751e8b465ee728b)  -> (artifact id: 'bc0a7a255f6f727af5cf2988a634eb33') in 0.002937 seconds 
========================================================================
Received Import Request.
  Time since last request: 2.465269 seconds.
  path: Assets/Scripts/SOs/ShopItems/PatternItems/Blank/BlankData.asset
  artifactKey: Guid(2691c21f4355c4e499ed5f81be4abc28) Importer(815301076,1909f56bfc062723c751e8b465ee728b)
Start importing Assets/Scripts/SOs/ShopItems/PatternItems/Blank/BlankData.asset using Guid(2691c21f4355c4e499ed5f81be4abc28) Importer(815301076,1909f56bfc062723c751e8b465ee728b)  -> (artifact id: 'bbbee22cf6aceee5fa549f9e5585d4fe') in 0.003033 seconds 
========================================================================
Received Import Request.
  Time since last request: 8.839282 seconds.
  path: Assets/Scripts/SOs/ShopItems/PatternItems/Blank/BodyBlank.asset
  artifactKey: Guid(645a944d7a0911347981cbf4be2625f0) Importer(815301076,1909f56bfc062723c751e8b465ee728b)
Start importing Assets/Scripts/SOs/ShopItems/PatternItems/Blank/BodyBlank.asset using Guid(645a944d7a0911347981cbf4be2625f0) Importer(815301076,1909f56bfc062723c751e8b465ee728b)  -> (artifact id: '194d81b57c1cd7cb683112bf34018d05') in 0.002428 seconds 
========================================================================
Received Import Request.
  Time since last request: 6.458888 seconds.
  path: Assets/Scripts/SOs/ShopItems/PatternItems/Blank/CowTailBlank.asset
  artifactKey: Guid(80d23019a529edf4db35c890ef9f3d85) Importer(815301076,1909f56bfc062723c751e8b465ee728b)
Start importing Assets/Scripts/SOs/ShopItems/PatternItems/Blank/CowTailBlank.asset using Guid(80d23019a529edf4db35c890ef9f3d85) Importer(815301076,1909f56bfc062723c751e8b465ee728b)  -> (artifact id: '985e42c3f953063d78954bf7b40ae458') in 0.002904 seconds 
========================================================================
Received Import Request.
  Time since last request: 6.467019 seconds.
  path: Assets/Scripts/SOs/ShopItems/PatternItems/Blank/EarLBlank.asset
  artifactKey: Guid(e92fd3c11ee6d5944a01934c8efe94b5) Importer(815301076,1909f56bfc062723c751e8b465ee728b)
Start importing Assets/Scripts/SOs/ShopItems/PatternItems/Blank/EarLBlank.asset using Guid(e92fd3c11ee6d5944a01934c8efe94b5) Importer(815301076,1909f56bfc062723c751e8b465ee728b)  -> (artifact id: '5d483475c2466c17d723e88007cbcc7b') in 0.002924 seconds 
========================================================================
Received Import Request.
  Time since last request: 5.064441 seconds.
  path: Assets/Scripts/SOs/ShopItems/PatternItems/Blank/EarRBlank.asset
  artifactKey: Guid(bc77d983723d88f4f81aebc9b3f9d096) Importer(815301076,1909f56bfc062723c751e8b465ee728b)
Start importing Assets/Scripts/SOs/ShopItems/PatternItems/Blank/EarRBlank.asset using Guid(bc77d983723d88f4f81aebc9b3f9d096) Importer(815301076,1909f56bfc062723c751e8b465ee728b)  -> (artifact id: '7837f9c9ce81347eeb32418b57b25e07') in 0.003384 seconds 
========================================================================
Received Import Request.
  Time since last request: 7.776117 seconds.
  path: Assets/Scripts/SOs/ShopItems/PatternItems/Blank/HeadBlank.asset
  artifactKey: Guid(518d0c34d708bfe48b875b0ece52f0df) Importer(815301076,1909f56bfc062723c751e8b465ee728b)
Start importing Assets/Scripts/SOs/ShopItems/PatternItems/Blank/HeadBlank.asset using Guid(518d0c34d708bfe48b875b0ece52f0df) Importer(815301076,1909f56bfc062723c751e8b465ee728b)  -> (artifact id: '9a81da12e89f5b8b011bce73fc577a5c') in 0.002843 seconds 
========================================================================
Received Import Request.
  Time since last request: 5.586306 seconds.
  path: Assets/Scripts/SOs/ShopItems/PatternItems/Blank/LegBLBlank.asset
  artifactKey: Guid(ab21f2838bc32e4419c58aacd18675ee) Importer(815301076,1909f56bfc062723c751e8b465ee728b)
Start importing Assets/Scripts/SOs/ShopItems/PatternItems/Blank/LegBLBlank.asset using Guid(ab21f2838bc32e4419c58aacd18675ee) Importer(815301076,1909f56bfc062723c751e8b465ee728b)  -> (artifact id: '46a738d8570483490802e8fb453215a6') in 0.002918 seconds 
========================================================================
Received Import Request.
  Time since last request: 5.552868 seconds.
  path: Assets/Scripts/SOs/ShopItems/PatternItems/Blank/LegFLBlank.asset
  artifactKey: Guid(fedc50a672587b441a50843a6edb1df8) Importer(815301076,1909f56bfc062723c751e8b465ee728b)
Start importing Assets/Scripts/SOs/ShopItems/PatternItems/Blank/LegFLBlank.asset using Guid(fedc50a672587b441a50843a6edb1df8) Importer(815301076,1909f56bfc062723c751e8b465ee728b)  -> (artifact id: 'a0d99de77d80596db39acbed87c0e242') in 0.002408 seconds 
========================================================================
Received Import Request.
  Time since last request: 5.497845 seconds.
  path: Assets/Scripts/SOs/ShopItems/PatternItems/Blank/LegFRBlank.asset
  artifactKey: Guid(5d435f8204423874f8fe846eba043736) Importer(815301076,1909f56bfc062723c751e8b465ee728b)
Start importing Assets/Scripts/SOs/ShopItems/PatternItems/Blank/LegFRBlank.asset using Guid(5d435f8204423874f8fe846eba043736) Importer(815301076,1909f56bfc062723c751e8b465ee728b)  -> (artifact id: '9f45c0124fc6e0c99da85dc9d4ec9d5a') in 0.002699 seconds 
========================================================================
Received Import Request.
  Time since last request: 5.850202 seconds.
  path: Assets/Scripts/SOs/ShopItems/PatternItems/Blank/SnoutBlank.asset
  artifactKey: Guid(fa631a9768f47394585ad8c2b822c7b8) Importer(815301076,1909f56bfc062723c751e8b465ee728b)
Start importing Assets/Scripts/SOs/ShopItems/PatternItems/Blank/SnoutBlank.asset using Guid(fa631a9768f47394585ad8c2b822c7b8) Importer(815301076,1909f56bfc062723c751e8b465ee728b)  -> (artifact id: '4d04da245144b0f42130a87b5e92dc70') in 0.002669 seconds 
========================================================================
Received Import Request.
  Time since last request: 5.337388 seconds.
  path: Assets/Scripts/SOs/ShopItems/PatternItems/Tabby/BodyZebra.asset
  artifactKey: Guid(2484a5250452b934284cfa983820ccc5) Importer(815301076,1909f56bfc062723c751e8b465ee728b)
Start importing Assets/Scripts/SOs/ShopItems/PatternItems/Tabby/BodyZebra.asset using Guid(2484a5250452b934284cfa983820ccc5) Importer(815301076,1909f56bfc062723c751e8b465ee728b)  -> (artifact id: '4f781539ef0d1f4310bbeb1c24f65c76') in 0.003686 seconds 
========================================================================
Received Import Request.
  Time since last request: 0.005054 seconds.
  path: Assets/Scripts/SOs/ShopItems/PatternItems/Tabby/EarLZebra.asset
  artifactKey: Guid(f783dfc842dc7b64489adf8bd6d8ae61) Importer(815301076,1909f56bfc062723c751e8b465ee728b)
Start importing Assets/Scripts/SOs/ShopItems/PatternItems/Tabby/EarLZebra.asset using Guid(f783dfc842dc7b64489adf8bd6d8ae61) Importer(815301076,1909f56bfc062723c751e8b465ee728b)  -> (artifact id: '761e9baf041936f3533ed48e00e14dbd') in 0.011949 seconds 
========================================================================
Received Import Request.
  Time since last request: 0.003257 seconds.
  path: Assets/Scripts/SOs/ShopItems/PatternItems/Tabby/LegFRZebra.asset
  artifactKey: Guid(9af2e01bd4061e74d8ea729d9ae89573) Importer(815301076,1909f56bfc062723c751e8b465ee728b)
Start importing Assets/Scripts/SOs/ShopItems/PatternItems/Tabby/LegFRZebra.asset using Guid(9af2e01bd4061e74d8ea729d9ae89573) Importer(815301076,1909f56bfc062723c751e8b465ee728b)  -> (artifact id: '1989acb537e078b3d395e1c98d7e080d') in 0.002280 seconds 
========================================================================
Received Import Request.
  Time since last request: 0.000017 seconds.
  path: Assets/Scripts/SOs/ShopItems/PatternItems/Tabby/LegFLZebra 1.asset
  artifactKey: Guid(139f263e6304c124da7fa40a758dde60) Importer(815301076,1909f56bfc062723c751e8b465ee728b)
Start importing Assets/Scripts/SOs/ShopItems/PatternItems/Tabby/LegFLZebra 1.asset using Guid(139f263e6304c124da7fa40a758dde60) Importer(815301076,1909f56bfc062723c751e8b465ee728b)  -> (artifact id: '8655dc7122a5d28057393b656b48acc5') in 0.002355 seconds 
========================================================================
Received Import Request.
  Time since last request: 0.000017 seconds.
  path: Assets/Scripts/SOs/ShopItems/PatternItems/Tabby/ZebraData.asset
  artifactKey: Guid(7ab972a8c54d8d14e8b6b890d35db419) Importer(815301076,1909f56bfc062723c751e8b465ee728b)
Start importing Assets/Scripts/SOs/ShopItems/PatternItems/Tabby/ZebraData.asset using Guid(7ab972a8c54d8d14e8b6b890d35db419) Importer(815301076,1909f56bfc062723c751e8b465ee728b)  -> (artifact id: '0ab07e776dd22d6a976f7a838712d4ff') in 0.002491 seconds 
========================================================================
Received Import Request.
  Time since last request: 0.000020 seconds.
  path: Assets/Scripts/SOs/ShopItems/PatternItems/Tabby/EarRZebra.asset
  artifactKey: Guid(99034423cbc1307498abdd42be98678e) Importer(815301076,1909f56bfc062723c751e8b465ee728b)
Start importing Assets/Scripts/SOs/ShopItems/PatternItems/Tabby/EarRZebra.asset using Guid(99034423cbc1307498abdd42be98678e) Importer(815301076,1909f56bfc062723c751e8b465ee728b)  -> (artifact id: '087c68e5bd4bacf695a0ae16123e6de9') in 0.002224 seconds 
Editor requested this worker to shutdown with reason: Scaling down because of idle timeout
AssetImportWorker is now disconnected from the server
Process exiting
Exiting without the bug reporter. Application will terminate with return code 0