Using pre-set license
Built from '2021.3/release' branch; Version is '2021.3.17f1 (3e8111cac19d) revision 4096273'; Using compiler version '192829333'; Build Type 'Release'
OS: 'Windows 11  (10.0.26100) 64bit Enterprise' Language: 'en' Physical Memory: 32442 MB
BatchMode: 1, IsHumanControllingUs: 0, StartBugReporterOnCrash: 0, Is64bit: 1, IsPro: 1

COMMAND LINE ARGUMENTS:
C:\Program Files\Unity\Hub\Editor\2021.3.17f1\Editor\Unity.exe
-adb2
-batchMode
-noUpm
-name
AssetImportWorker11
-projectPath
C:/Users/jillian.chapin/Desktop/gameSem2025/CowGameMGKJ
-logFile
Logs/AssetImportWorker11.log
-srvPort
55504
Successfully changed project path to: C:/Users/jillian.chapin/Desktop/gameSem2025/CowGameMGKJ
C:/Users/jillian.chapin/Desktop/gameSem2025/CowGameMGKJ
[UnityMemory] Configuration Parameters - Can be set up in boot.config
    "memorysetup-bucket-allocator-granularity=16"
    "memorysetup-bucket-allocator-bucket-count=8"
    "memorysetup-bucket-allocator-block-size=33554432"
    "memorysetup-bucket-allocator-block-count=8"
    "memorysetup-main-allocator-block-size=16777216"
    "memorysetup-thread-allocator-block-size=16777216"
    "memorysetup-gfx-main-allocator-block-size=16777216"
    "memorysetup-gfx-thread-allocator-block-size=16777216"
    "memorysetup-cache-allocator-block-size=4194304"
    "memorysetup-typetree-allocator-block-size=2097152"
    "memorysetup-profiler-bucket-allocator-granularity=16"
    "memorysetup-profiler-bucket-allocator-bucket-count=8"
    "memorysetup-profiler-bucket-allocator-block-size=33554432"
    "memorysetup-profiler-bucket-allocator-block-count=8"
    "memorysetup-profiler-allocator-block-size=16777216"
    "memorysetup-profiler-editor-allocator-block-size=1048576"
    "memorysetup-temp-allocator-size-main=16777216"
    "memorysetup-job-temp-allocator-block-size=2097152"
    "memorysetup-job-temp-allocator-block-size-background=1048576"
    "memorysetup-job-temp-allocator-reduction-small-platforms=262144"
    "memorysetup-temp-allocator-size-background-worker=32768"
    "memorysetup-temp-allocator-size-job-worker=262144"
    "memorysetup-temp-allocator-size-preload-manager=33554432"
    "memorysetup-temp-allocator-size-nav-mesh-worker=65536"
    "memorysetup-temp-allocator-size-audio-worker=65536"
    "memorysetup-temp-allocator-size-cloud-worker=32768"
    "memorysetup-temp-allocator-size-gi-baking-worker=262144"
    "memorysetup-temp-allocator-size-gfx=262144"
Player connection [13404] Host "[IP] 216.93.147.68 [Port] 0 [Flags] 2 [Guid] 1149881232 [EditorId] 1149881232 [Version] 1048832 [Id] WindowsEditor(7,CCM233-05) [Debug] 1 [PackageName] WindowsEditor [ProjectName] Editor" joined multi-casting on [225.0.0.222:54997]...

Player connection [13404] Host "[IP] 216.93.147.68 [Port] 0 [Flags] 2 [Guid] 1149881232 [EditorId] 1149881232 [Version] 1048832 [Id] WindowsEditor(7,CCM233-05) [Debug] 1 [PackageName] WindowsEditor [ProjectName] Editor" joined alternative multi-casting on [225.0.0.222:34997]...

Refreshing native plugins compatible for Editor in 91.58 ms, found 4 plugins.
Preloading 0 native plugins for Editor in 0.00 ms.
Initialize engine version: 2021.3.17f1 (3e8111cac19d)
[Subsystems] Discovering subsystems at path C:/Program Files/Unity/Hub/Editor/2021.3.17f1/Editor/Data/Resources/UnitySubsystems
[Subsystems] Discovering subsystems at path C:/Users/jillian.chapin/Desktop/gameSem2025/CowGameMGKJ/Assets
GfxDevice: creating device client; threaded=0; jobified=0
Direct3D:
    Version:  Direct3D 11.0 [level 11.1]
    Renderer: NVIDIA GeForce RTX 3070 Ti (ID=0x2482)
    Vendor:   NVIDIA
    VRAM:     8018 MB
    Driver:   32.0.15.7296
Initialize mono
Mono path[0] = 'C:/Program Files/Unity/Hub/Editor/2021.3.17f1/Editor/Data/Managed'
Mono path[1] = 'C:/Program Files/Unity/Hub/Editor/2021.3.17f1/Editor/Data/MonoBleedingEdge/lib/mono/unityjit-win32'
Mono config path = 'C:/Program Files/Unity/Hub/Editor/2021.3.17f1/Editor/Data/MonoBleedingEdge/etc'
Using monoOptions --debugger-agent=transport=dt_socket,embedding=1,server=y,suspend=n,address=127.0.0.1:56128
Begin MonoManager ReloadAssembly
Registering precompiled unity dll's ...
Register platform support module: C:/Program Files/Unity/Hub/Editor/2021.3.17f1/Editor/Data/PlaybackEngines/WindowsStandaloneSupport/UnityEditor.WindowsStandalone.Extensions.dll
Registered in 0.002917 seconds.
Native extension for WindowsStandalone target not found
Refreshing native plugins compatible for Editor in 82.74 ms, found 4 plugins.
Preloading 0 native plugins for Editor in 0.00 ms.
Mono: successfully reloaded assembly
- Completed reload, in  0.427 seconds
Domain Reload Profiling:
	ReloadAssembly (427ms)
		BeginReloadAssembly (45ms)
			ExecutionOrderSort (0ms)
			DisableScriptedObjects (0ms)
			BackupInstance (0ms)
			ReleaseScriptingObjects (0ms)
			CreateAndSetChildDomain (0ms)
		EndReloadAssembly (315ms)
			LoadAssemblies (44ms)
			RebuildTransferFunctionScriptingTraits (0ms)
			SetupTypeCache (60ms)
			ReleaseScriptCaches (0ms)
			RebuildScriptCaches (17ms)
			SetupLoadedEditorAssemblies (206ms)
				LogAssemblyErrors (0ms)
				InitializePlatformSupportModulesInManaged (5ms)
				SetLoadedEditorAssemblies (0ms)
				RefreshPlugins (83ms)
				BeforeProcessingInitializeOnLoad (1ms)
				ProcessInitializeOnLoadAttributes (89ms)
				ProcessInitializeOnLoadMethodAttributes (28ms)
				AfterProcessingInitializeOnLoad (0ms)
				EditorAssembliesLoaded (0ms)
			ExecutionOrderSort2 (0ms)
			AwakeInstancesAfterBackupRestoration (0ms)
Platform modules already initialized, skipping
Registering precompiled user dll's ...
Registered in 0.009241 seconds.
Begin MonoManager ReloadAssembly
Symbol file LoadedFromMemory doesn't match image C:\Users\jillian.chapin\Desktop\gameSem2025\CowGameMGKJ\Library\PackageCache\com.unity.visualscripting@1.8.0\Editor\VisualScripting.Core\Dependencies\DotNetZip\Unity.VisualScripting.IonicZip.dll
Symbol file LoadedFromMemory doesn't match image C:\Users\jillian.chapin\Desktop\gameSem2025\CowGameMGKJ\Library\PackageCache\com.unity.visualscripting@1.8.0\Editor\VisualScripting.Core\Dependencies\YamlDotNet\Unity.VisualScripting.YamlDotNet.dll
Native extension for WindowsStandalone target not found
Refreshing native plugins compatible for Editor in 91.95 ms, found 4 plugins.
Preloading 0 native plugins for Editor in 0.00 ms.
Mono: successfully reloaded assembly
- Completed reload, in  0.917 seconds
Domain Reload Profiling:
	ReloadAssembly (918ms)
		BeginReloadAssembly (69ms)
			ExecutionOrderSort (0ms)
			DisableScriptedObjects (3ms)
			BackupInstance (0ms)
			ReleaseScriptingObjects (0ms)
			CreateAndSetChildDomain (14ms)
		EndReloadAssembly (775ms)
			LoadAssemblies (63ms)
			RebuildTransferFunctionScriptingTraits (0ms)
			SetupTypeCache (174ms)
			ReleaseScriptCaches (1ms)
			RebuildScriptCaches (43ms)
			SetupLoadedEditorAssemblies (458ms)
				LogAssemblyErrors (0ms)
				InitializePlatformSupportModulesInManaged (3ms)
				SetLoadedEditorAssemblies (0ms)
				RefreshPlugins (92ms)
				BeforeProcessingInitializeOnLoad (83ms)
				ProcessInitializeOnLoadAttributes (167ms)
				ProcessInitializeOnLoadMethodAttributes (110ms)
				AfterProcessingInitializeOnLoad (4ms)
				EditorAssembliesLoaded (0ms)
			ExecutionOrderSort2 (0ms)
			AwakeInstancesAfterBackupRestoration (4ms)
Platform modules already initialized, skipping
========================================================================
Worker process is ready to serve import requests
Launched and connected shader compiler UnityShaderCompiler.exe after 0.03 seconds
Refreshing native plugins compatible for Editor in 1.48 ms, found 4 plugins.
Preloading 0 native plugins for Editor in 0.00 ms.
Unloading 6262 Unused Serialized files (Serialized files now loaded: 0)
Unloading 82 unused Assets / (0.7 MB). Loaded Objects now: 6683.
Memory consumption went from 235.5 MB to 234.8 MB.
Total: 7.623500 ms (FindLiveObjects: 0.414900 ms CreateObjectMapping: 0.420700 ms MarkObjects: 6.433100 ms  DeleteObjects: 0.353000 ms)

AssetImportParameters requested are different than current active one (requested -> active):
  custom:video-decoder-ogg-theora: a1e56fd34408186e4bbccfd4996cb3dc -> 
  custom:container-muxer-webm: aa71ff27fc2769a1b78a27578f13a17b -> 
  custom:container-demuxer-webm: 4f35f7cbe854078d1ac9338744f61a02 -> 
  custom:video-encoder-webm-vp8: eb34c28f22e8b96e1ab97ce403110664 -> 
  custom:video-codec-MediaFoundation-h265: 746d11721c4dcdbdad8f713fa42b33f4 -> 
  custom:audio-encoder-webm-vorbis: bf7c407c2cedff20999df2af8eb42d56 -> 
  custom:framework-win-MediaFoundation: 216162199b28c13a410421893ffa2e32 -> 
  custom:container-demuxer-ogg: 62fdf1f143b41e24485cea50d1cbac27 -> 
  custom:video-decoder-webm-vp8: 9c59270c3fd7afecdb556c50c9e8de78 -> 
  custom:audio-decoder-ogg-vorbis: bf7c407c2cedff20999df2af8eb42d56 -> 
========================================================================
Received Import Request.
  Time since last request: 845221.254698 seconds.
  path: Assets/Scripts/SOs/ShopItems/PatternItems/Tabby/TabbyData.asset
  artifactKey: Guid(7ab972a8c54d8d14e8b6b890d35db419) Importer(815301076,1909f56bfc062723c751e8b465ee728b)
Start importing Assets/Scripts/SOs/ShopItems/PatternItems/Tabby/TabbyData.asset using Guid(7ab972a8c54d8d14e8b6b890d35db419) Importer(815301076,1909f56bfc062723c751e8b465ee728b)  -> (artifact id: 'f0eb9e42d255626439b5f3acaafca053') in 0.025844 seconds 
========================================================================
Received Import Request.
  Time since last request: 8.718099 seconds.
  path: Assets/Scripts/SOs/ShopItems/PatternItems/Tabby/SnoutTabby.asset
  artifactKey: Guid(7a758c63b9d65cc4c8889dfed3579e5a) Importer(815301076,1909f56bfc062723c751e8b465ee728b)
Start importing Assets/Scripts/SOs/ShopItems/PatternItems/Tabby/SnoutTabby.asset using Guid(7a758c63b9d65cc4c8889dfed3579e5a) Importer(815301076,1909f56bfc062723c751e8b465ee728b)  -> (artifact id: '4855db56172ad0387e16e8dabf334563') in 0.002633 seconds 
========================================================================
Received Import Request.
  Time since last request: 0.000016 seconds.
  path: Assets/Scripts/SOs/ShopItems/PatternItems/Tabby/TabbyData.asset
  artifactKey: Guid(7ab972a8c54d8d14e8b6b890d35db419) Importer(815301076,1909f56bfc062723c751e8b465ee728b)
Start importing Assets/Scripts/SOs/ShopItems/PatternItems/Tabby/TabbyData.asset using Guid(7ab972a8c54d8d14e8b6b890d35db419) Importer(815301076,1909f56bfc062723c751e8b465ee728b)  -> (artifact id: '26f1bdda7cbcba57e6b5df00580ea91b') in 0.002514 seconds 
========================================================================
Received Import Request.
  Time since last request: 6.093647 seconds.
  path: Assets/Scripts/SOs/ShopItems/PatternItems/Tabby/LegFRTabby.asset
  artifactKey: Guid(9af2e01bd4061e74d8ea729d9ae89573) Importer(815301076,1909f56bfc062723c751e8b465ee728b)
Start importing Assets/Scripts/SOs/ShopItems/PatternItems/Tabby/LegFRTabby.asset using Guid(9af2e01bd4061e74d8ea729d9ae89573) Importer(815301076,1909f56bfc062723c751e8b465ee728b)  -> (artifact id: '1cc05705a19f4e40807ce6c62b62c451') in 0.002631 seconds 
========================================================================
Received Import Request.
  Time since last request: 6.123153 seconds.
  path: Assets/Scripts/SOs/ShopItems/PatternItems/Tabby/LegFLTabby.asset
  artifactKey: Guid(139f263e6304c124da7fa40a758dde60) Importer(815301076,1909f56bfc062723c751e8b465ee728b)
Start importing Assets/Scripts/SOs/ShopItems/PatternItems/Tabby/LegFLTabby.asset using Guid(139f263e6304c124da7fa40a758dde60) Importer(815301076,1909f56bfc062723c751e8b465ee728b)  -> (artifact id: '9d6024f56dd0ee401fa322ee9078ec92') in 0.002522 seconds 
========================================================================
Received Import Request.
  Time since last request: 4.416024 seconds.
  path: Assets/Scripts/SOs/ShopItems/PatternItems/Tabby/LegBLTAbby.asset
  artifactKey: Guid(45b4d652f21252646b1b62fb66d43945) Importer(815301076,1909f56bfc062723c751e8b465ee728b)
Start importing Assets/Scripts/SOs/ShopItems/PatternItems/Tabby/LegBLTAbby.asset using Guid(45b4d652f21252646b1b62fb66d43945) Importer(815301076,1909f56bfc062723c751e8b465ee728b)  -> (artifact id: '0c3cce9d13dba4494eb3ab210cf4f723') in 0.002750 seconds 
========================================================================
Received Import Request.
  Time since last request: 8.291712 seconds.
  path: Assets/Scripts/SOs/ShopItems/PatternItems/Tabby/LegBLTabby.asset
  artifactKey: Guid(45b4d652f21252646b1b62fb66d43945) Importer(815301076,1909f56bfc062723c751e8b465ee728b)
Start importing Assets/Scripts/SOs/ShopItems/PatternItems/Tabby/LegBLTabby.asset using Guid(45b4d652f21252646b1b62fb66d43945) Importer(815301076,1909f56bfc062723c751e8b465ee728b)  -> (artifact id: 'b3f9d351e5e7cb55b55ed433ed30043f') in 0.003052 seconds 
========================================================================
Received Import Request.
  Time since last request: 6.633467 seconds.
  path: Assets/Scripts/SOs/ShopItems/PatternItems/Tabby/HeadTabby.asset
  artifactKey: Guid(ddfc006e05e444a43acc931f70791ed3) Importer(815301076,1909f56bfc062723c751e8b465ee728b)
Start importing Assets/Scripts/SOs/ShopItems/PatternItems/Tabby/HeadTabby.asset using Guid(ddfc006e05e444a43acc931f70791ed3) Importer(815301076,1909f56bfc062723c751e8b465ee728b)  -> (artifact id: '43d9a44bb4cb267d94a15f8bc91de1b5') in 0.002596 seconds 
========================================================================
Received Import Request.
  Time since last request: 7.416573 seconds.
  path: Assets/Scripts/SOs/ShopItems/PatternItems/Tabby/EarRTabby.asset
  artifactKey: Guid(99034423cbc1307498abdd42be98678e) Importer(815301076,1909f56bfc062723c751e8b465ee728b)
Start importing Assets/Scripts/SOs/ShopItems/PatternItems/Tabby/EarRTabby.asset using Guid(99034423cbc1307498abdd42be98678e) Importer(815301076,1909f56bfc062723c751e8b465ee728b)  -> (artifact id: '987c542b3e58d2cf8c74a4979a477a2b') in 0.002546 seconds 
========================================================================
Received Import Request.
  Time since last request: 6.054133 seconds.
  path: Assets/Scripts/SOs/ShopItems/PatternItems/Tabby/EarLTabby.asset
  artifactKey: Guid(f783dfc842dc7b64489adf8bd6d8ae61) Importer(815301076,1909f56bfc062723c751e8b465ee728b)
Start importing Assets/Scripts/SOs/ShopItems/PatternItems/Tabby/EarLTabby.asset using Guid(f783dfc842dc7b64489adf8bd6d8ae61) Importer(815301076,1909f56bfc062723c751e8b465ee728b)  -> (artifact id: '093d1062852cef7cd5f3ff5f3cddd07c') in 0.002578 seconds 
========================================================================
Received Import Request.
  Time since last request: 5.779535 seconds.
  path: Assets/Scripts/SOs/ShopItems/PatternItems/Tabby/CowTailTabby.asset
  artifactKey: Guid(6f37afe71780f08459894f8a59413e79) Importer(815301076,1909f56bfc062723c751e8b465ee728b)
Start importing Assets/Scripts/SOs/ShopItems/PatternItems/Tabby/CowTailTabby.asset using Guid(6f37afe71780f08459894f8a59413e79) Importer(815301076,1909f56bfc062723c751e8b465ee728b)  -> (artifact id: '189f382c59329e2d8daa5e9545726728') in 0.002452 seconds 
========================================================================
Received Import Request.
  Time since last request: 4.727667 seconds.
  path: Assets/Scripts/SOs/ShopItems/PatternItems/Tabby/BodyTabby.asset
  artifactKey: Guid(2484a5250452b934284cfa983820ccc5) Importer(815301076,1909f56bfc062723c751e8b465ee728b)
Start importing Assets/Scripts/SOs/ShopItems/PatternItems/Tabby/BodyTabby.asset using Guid(2484a5250452b934284cfa983820ccc5) Importer(815301076,1909f56bfc062723c751e8b465ee728b)  -> (artifact id: '1cdc7d87bcb213e81266c2cc1f450799') in 0.002823 seconds 
========================================================================
Received Import Request.
  Time since last request: 55.827990 seconds.
  path: Assets/Scripts/SOs/ShopItems/PatternItems/Zebra/BodyZebra.asset
  artifactKey: Guid(e056b8d6fd1c04a4294e10b21a9cee99) Importer(815301076,1909f56bfc062723c751e8b465ee728b)
Start importing Assets/Scripts/SOs/ShopItems/PatternItems/Zebra/BodyZebra.asset using Guid(e056b8d6fd1c04a4294e10b21a9cee99) Importer(815301076,1909f56bfc062723c751e8b465ee728b)  -> (artifact id: 'd7fc363ca7a9552f5a1a867c3f286130') in 0.003861 seconds 
========================================================================
Received Import Request.
  Time since last request: 0.000021 seconds.
  path: Assets/Scripts/SOs/ShopItems/PatternItems/Zebra/EarRZebra.asset
  artifactKey: Guid(ca18e37117c837749a233ce683d9fa8a) Importer(815301076,1909f56bfc062723c751e8b465ee728b)
Start importing Assets/Scripts/SOs/ShopItems/PatternItems/Zebra/EarRZebra.asset using Guid(ca18e37117c837749a233ce683d9fa8a) Importer(815301076,1909f56bfc062723c751e8b465ee728b)  -> (artifact id: 'dbe2c9885d2a78036bb73e4d5dac026a') in 0.004329 seconds 
========================================================================
Received Import Request.
  Time since last request: 0.000022 seconds.
  path: Assets/Scripts/SOs/ShopItems/PatternItems/Zebra/LegBLZebra.asset
  artifactKey: Guid(a2744d0e2006a054eb3a73f8112876c9) Importer(815301076,1909f56bfc062723c751e8b465ee728b)
Start importing Assets/Scripts/SOs/ShopItems/PatternItems/Zebra/LegBLZebra.asset using Guid(a2744d0e2006a054eb3a73f8112876c9) Importer(815301076,1909f56bfc062723c751e8b465ee728b)  -> (artifact id: '74631d4f30031bd8d37e9575bc0231a7') in 0.003832 seconds 
========================================================================
Received Import Request.
  Time since last request: 0.000031 seconds.
  path: Assets/Scripts/SOs/ShopItems/PatternItems/Zebra/LegFLZebra 1.asset
  artifactKey: Guid(f77b119e8ee3bf24d8de90170ea5c036) Importer(815301076,1909f56bfc062723c751e8b465ee728b)
Start importing Assets/Scripts/SOs/ShopItems/PatternItems/Zebra/LegFLZebra 1.asset using Guid(f77b119e8ee3bf24d8de90170ea5c036) Importer(815301076,1909f56bfc062723c751e8b465ee728b)  -> (artifact id: '51bd555febdd9b616a2115525acc4090') in 0.003184 seconds 
========================================================================
Received Import Request.
  Time since last request: 0.000026 seconds.
  path: Assets/Scripts/SOs/ShopItems/PatternItems/Zebra/LegFRZebra.asset
  artifactKey: Guid(8fd9aca1c66815e4f8705e205789d988) Importer(815301076,1909f56bfc062723c751e8b465ee728b)
Start importing Assets/Scripts/SOs/ShopItems/PatternItems/Zebra/LegFRZebra.asset using Guid(8fd9aca1c66815e4f8705e205789d988) Importer(815301076,1909f56bfc062723c751e8b465ee728b)  -> (artifact id: 'e5caaa1cdebe6f4d274a5f980ebb422f') in 0.003058 seconds 
========================================================================
Received Import Request.
  Time since last request: 0.000032 seconds.
  path: Assets/Scripts/SOs/ShopItems/PatternItems/Zebra/EarLZebra.asset
  artifactKey: Guid(0d463bb99fa748243b0ceccdb874b28b) Importer(815301076,1909f56bfc062723c751e8b465ee728b)
Start importing Assets/Scripts/SOs/ShopItems/PatternItems/Zebra/EarLZebra.asset using Guid(0d463bb99fa748243b0ceccdb874b28b) Importer(815301076,1909f56bfc062723c751e8b465ee728b)  -> (artifact id: '726cba37ebc2c646733a77fb341033b7') in 0.003164 seconds 
Editor requested this worker to shutdown with reason: Scaling down because of idle timeout
AssetImportWorker is now disconnected from the server
Process exiting
Exiting without the bug reporter. Application will terminate with return code 0